#
Is Success:F
Number of Relocations:0
Delivery Sequence:
Time Graph Plan:0.024633
Time Path Plan:0.050352
Time Assign:0.000195
Time Total:0.077022
Time Reloc Plan:0
